-- Vendor Model

CREATE TABLE VENDOR 
( 
    ID   NUMBER (38) PRIMARY KEY, 
    NAME VARCHAR2 (255) UNIQUE
);

CREATE SEQUENCE SEQ_VENDOR_ID;

-- Product Type Model
CREATE TABLE PRODUCT_TYPE
(
    ID NUMBER(38) PRIMARY KEY,
    NAME VARCHAR2(255) UNIQUE
);

-- Vendor Product Model
CREATE TABLE WHZY.VENDOR_PRODUCT 
(
     VENDOR_PRODUCT_ID NUMBER (38) PRIMARY KEY, 
     REFERENCE         VARCHAR2 (32) , 
     MATERIAL          VARCHAR2 (255) , 
     TEST_PERFORMED    VARCHAR2 (2) , 
     PRICE             NUMBER (38) , 
     PRICE_TYPE        VARCHAR2 (4000) , 
     PACKAGE           VARCHAR2 (4000) , 
     MOQ               VARCHAR2 (4000) , 
     VENDOR_ID         NUMBER (38) , 
     DESCRIPTION       VARCHAR2 (4000) , 
     PRODUCT_TYPE_ID   NUMBER , 
     UNIT_TYPE_ID      NUMBER ,
     LENGTH            NUMBER(38, 6),
     WIDTH             NUMBER(38, 6),
     HEIGHT            NUMBER(38, 6),
     WEIGHT            NUMBER(38, 6)
);

CREATE UNIQUE INDEX WHZY.U_VENDOR_PRODUCT_1 ON WHZY.VENDOR_PRODUCT 
(
     VENDOR_ID ASC,
     REFERENCE ASC 
);

ALTER TABLE WHZY.VENDOR_PRODUCT 
ADD CONSTRAINT VENDOR_PRODUCT_FK_UNIT FOREIGN KEY 
( 
    UNIT_TYPE_ID
) 
REFERENCES WHZY.UNIT_TYPE ( UNIT_TYPE_ID ) 
NOT DEFERRABLE 
;